INFO | main | abc.Main$1 | hello1!
INFO | main | abc.Main | success!
